Section: start (int/main.o) load at 0000, length 000E
Section: code (crt.void_o) load at 000E, length 005B
Section: code (copyDWord.void_o) load at 0069, length 000E
Section: code (copyMem.void_o) load at 0077, length 0017
Section: code (DIV16.void_o) load at 008E, length 002A
Section: code (jumpTableSwitch.void_o) load at 00B8, length 001E
Section: code (MUL16.void_o) load at 00D6, length 0018
Section: code (negateDWord.void_o) load at 00EE, length 0018
Section: code (pushSmallStruct.void_o) load at 0106, length 000D
Section: code (SDIV16.void_o) load at 0113, length 0041
Section: code (sub32.void_o) load at 0154, length 0021
Section: code (sub32xu.void_o) load at 0175, length 0012
Section: code (tfrZtoB.void_o) load at 0187, length 0007
Section: code (ATOW.void_o) load at 018E, length 0028
Section: code (dwtoa.void_o) load at 01B6, length 00BE
Section: code (memcpy.void_o) load at 0274, length 001D
Section: code (memset.void_o) load at 0291, length 001E
Section: code (MUL168.void_o) load at 02AF, length 0011
Section: code (printf.void_o) load at 02C0, length 03BE
Section: code (putchar_a.void_o) load at 067E, length 0006
Section: code (sbrk.void_o) load at 0684, length 001D
Section: code (sbrkmax.void_o) load at 06A1, length 000D
Section: code (setConsoleOutHook.void_o) load at 06AE, length 000B
Section: code (strlen.void_o) load at 06B9, length 0011
Section: code (rand.void_o) load at 06CA, length 003B
Section: code (int/main.o) load at 0705, length 04D3
Section: code (int/tetris.o) load at 0BD8, length 091F
Section: code (int/nanocomp.o) load at 14F7, length 076F
Section: code (int/nccurses.o) load at 1C66, length 0296
Section: constructors_start (crt.void_o) load at 1EFC, length 0000
Section: constructors_end (crt.void_o) load at 1EFC, length 0001
Section: destructors_start (crt.void_o) load at 1EFD, length 0000
Section: destructors_end (crt.void_o) load at 1EFD, length 0001
Section: initgl_start (int/main.o) load at 1EFE, length 0000
Section: initgl (rand.void_o) load at 1EFE, length 0000
Section: initgl (int/main.o) load at 1EFE, length 0000
Section: initgl (int/tetris.o) load at 1EFE, length 0000
Section: initgl (int/nanocomp.o) load at 1EFE, length 0000
Section: initgl (int/nccurses.o) load at 1EFE, length 0000
Section: initgl_end (int/main.o) load at 1EFE, length 0001
Section: rodata (rand.void_o) load at 1EFF, length 0000
Section: rodata (int/main.o) load at 1EFF, length 005B
Section: rodata (int/tetris.o) load at 1F5A, length 0000
Section: rodata (int/nanocomp.o) load at 1F5A, length 0000
Section: rodata (int/nccurses.o) load at 1F5A, length 0000
Section: rwdata (rand.void_o) load at 5000, length 0002
Section: rwdata (int/main.o) load at 5002, length 0000
Section: rwdata (int/tetris.o) load at 5002, length 01F2
Section: rwdata (int/nanocomp.o) load at 51F4, length 0036
Section: rwdata (int/nccurses.o) load at 522A, length 0000
Section: bss (crt.void_o) load at 522A, length 000E
Section: bss (rand.void_o) load at 5238, length 0000
Section: bss (int/main.o) load at 5238, length 0008
Section: bss (int/tetris.o) load at 5240, length 0000
Section: bss (int/nanocomp.o) load at 5240, length 0000
Section: bss (int/nccurses.o) load at 5240, length 0000
Section: program_end (int/main.o) load at 5240, length 0000
Symbol: \02bss (crt.void_o) = 522A
Symbol: \02bss (int/main.o) = 5238
Symbol: \02bss (int/nanocomp.o) = 5240
Symbol: \02bss (int/nccurses.o) = 5240
Symbol: \02bss (int/tetris.o) = 5240
Symbol: \02bss (rand.void_o) = 5238
Symbol: \02code (ATOW.void_o) = 018E
Symbol: \02code (DIV16.void_o) = 008E
Symbol: \02code (MUL16.void_o) = 00D6
Symbol: \02code (MUL168.void_o) = 02AF
Symbol: \02code (SDIV16.void_o) = 0113
Symbol: \02code (copyDWord.void_o) = 0069
Symbol: \02code (copyMem.void_o) = 0077
Symbol: \02code (crt.void_o) = 000E
Symbol: \02code (dwtoa.void_o) = 01B6
Symbol: \02code (int/main.o) = 0705
Symbol: \02code (int/nanocomp.o) = 14F7
Symbol: \02code (int/nccurses.o) = 1C66
Symbol: \02code (int/tetris.o) = 0BD8
Symbol: \02code (jumpTableSwitch.void_o) = 00B8
Symbol: \02code (memcpy.void_o) = 0274
Symbol: \02code (memset.void_o) = 0291
Symbol: \02code (negateDWord.void_o) = 00EE
Symbol: \02code (printf.void_o) = 02C0
Symbol: \02code (pushSmallStruct.void_o) = 0106
Symbol: \02code (putchar_a.void_o) = 067E
Symbol: \02code (rand.void_o) = 06CA
Symbol: \02code (sbrk.void_o) = 0684
Symbol: \02code (sbrkmax.void_o) = 06A1
Symbol: \02code (setConsoleOutHook.void_o) = 06AE
Symbol: \02code (strlen.void_o) = 06B9
Symbol: \02code (sub32.void_o) = 0154
Symbol: \02code (sub32xu.void_o) = 0175
Symbol: \02code (tfrZtoB.void_o) = 0187
Symbol: \02constructors_end (crt.void_o) = 1EFC
Symbol: \02constructors_start (crt.void_o) = 1EFC
Symbol: \02destructors_end (crt.void_o) = 1EFD
Symbol: \02destructors_start (crt.void_o) = 1EFD
Symbol: \02initgl (int/main.o) = 1EFE
Symbol: \02initgl (int/nanocomp.o) = 1EFE
Symbol: \02initgl (int/nccurses.o) = 1EFE
Symbol: \02initgl (int/tetris.o) = 1EFE
Symbol: \02initgl (rand.void_o) = 1EFE
Symbol: \02initgl_end (int/main.o) = 1EFE
Symbol: \02initgl_start (int/main.o) = 1EFE
Symbol: \02program_end (int/main.o) = 5240
Symbol: \02rodata (int/main.o) = 1EFF
Symbol: \02rodata (int/nanocomp.o) = 1F5A
Symbol: \02rodata (int/nccurses.o) = 1F5A
Symbol: \02rodata (int/tetris.o) = 1F5A
Symbol: \02rodata (rand.void_o) = 1EFF
Symbol: \02rwdata (int/main.o) = 5002
Symbol: \02rwdata (int/nanocomp.o) = 51F4
Symbol: \02rwdata (int/nccurses.o) = 522A
Symbol: \02rwdata (int/tetris.o) = 5002
Symbol: \02rwdata (rand.void_o) = 5000
Symbol: \02start (int/main.o) = 0000
Symbol: .local.static.tg_adjust_score.line_multiplier (int/tetris.o) = 51EA
Symbol: @bit15Done\0110 (rand.void_o) = 06DE
Symbol: @checkPadding\0132 (printf.void_o) = 03ED
Symbol: @cond\014 (copyMem.void_o) = 0087
Symbol: @copyByte\014 (pushSmallStruct.void_o) = 010A
Symbol: @countHexDigitsInDWord\0132 (printf.void_o) = 0414
Symbol: @decPadPrint\0132 (printf.void_o) = 0485
Symbol: @decPadding\0132 (printf.void_o) = 0465
Symbol: @default\014 (jumpTableSwitch.void_o) = 00D2
Symbol: @done\0122 (crt.void_o) = 001D
Symbol: @done\0132 (printf.void_o) = 042D
Symbol: @donePrinting\0173 (printf.void_o) = 067A
Symbol: @hexPad\0132 (printf.void_o) = 0438
Symbol: @highNybbleNotNull\0132 (printf.void_o) = 0429
Symbol: @highWordZero\0132 (printf.void_o) = 045B
Symbol: @longNotNeg\0132 (printf.void_o) = 03C7
Symbol: @loop\0122 (crt.void_o) = 0017
Symbol: @loop\014 (copyMem.void_o) = 0083
Symbol: @nextDWordByte\0132 (printf.void_o) = 0415
Symbol: @noHexPadding\0132 (printf.void_o) = 0444
Symbol: @noMinusNeeded\0132 (printf.void_o) = 047E
Symbol: @noPadding\0132 (printf.void_o) = 0490
Symbol: @nonNullByte\0132 (printf.void_o) = 0420
Symbol: @oneDigitNeeded\0132 (printf.void_o) = 042B
Symbol: @print\0173 (printf.void_o) = 0670
Symbol: @printCond\0132 (printf.void_o) = 0407
Symbol: @printLoop\0132 (printf.void_o) = 0403
Symbol: @slong\0132 (printf.void_o) = 03BA
Symbol: @store\0117 (rand.void_o) = 0700
Symbol: @ulong\0132 (printf.void_o) = 03C7
Symbol: @useTable\014 (jumpTableSwitch.void_o) = 00CC
Symbol: @xlong\0132 (printf.void_o) = 042E
Symbol: ATOW (ATOW.void_o) = 018E
Symbol: ATW100 (ATOW.void_o) = 0192
Symbol: ATW900 (ATOW.void_o) = 01B2
Symbol: CHROUT (crt.void_o) = 5234
Symbol: D16010 (DIV16.void_o) = 0098
Symbol: D16020 (DIV16.void_o) = 00A9
Symbol: D16030 (DIV16.void_o) = 00AB
Symbol: DIV16 (DIV16.void_o) = 008E
Symbol: HEXDIG (printf.void_o) = 05DA
Symbol: INILIB (crt.void_o) = 000E
Symbol: INISTK (crt.void_o) = 522A
Symbol: INITGL (int/main.o) = 1EFE
Symbol: L00091 (int/tetris.o) = 0CB0
Symbol: L00094 (int/nccurses.o) = 1C93
Symbol: L00094 (int/tetris.o) = 0F0C
Symbol: L00095 (int/nanocomp.o) = 199D
Symbol: L00095 (int/nccurses.o) = 1CBA
Symbol: L00096 (int/main.o) = 089E
Symbol: L00096 (int/nanocomp.o) = 19DA
Symbol: L00098 (int/nccurses.o) = 1CD8
Symbol: L00099 (int/nanocomp.o) = 19A3
Symbol: L00099 (int/nccurses.o) = 1D2B
Symbol: L00100 (int/nanocomp.o) = 19CB
Symbol: L00102 (int/nccurses.o) = 1D6D
Symbol: L00103 (int/nanocomp.o) = 19F2
Symbol: L00103 (int/nccurses.o) = 1DA0
Symbol: L00103 (int/tetris.o) = 11BC
Symbol: L00104 (int/nanocomp.o) = 19F9
Symbol: L00106 (int/main.o) = 0721
Symbol: L00106 (int/nccurses.o) = 1E1B
Symbol: L00107 (int/main.o) = 07CE
Symbol: L00107 (int/nccurses.o) = 1E5B
Symbol: L00108 (int/nanocomp.o) = 1A20
Symbol: L00110 (int/main.o) = 073D
Symbol: L00110 (int/nanocomp.o) = 1A43
Symbol: L00110 (int/nccurses.o) = 1E21
Symbol: L00111 (int/main.o) = 07BC
Symbol: L00111 (int/nccurses.o) = 1E47
Symbol: L00113 (int/nanocomp.o) = 1A67
Symbol: L00114 (int/nanocomp.o) = 1A7A
Symbol: L00114 (int/tetris.o) = 0C52
Symbol: L00115 (int/main.o) = 07A1
Symbol: L00115 (int/nccurses.o) = 1EE4
Symbol: L00116 (int/main.o) = 07B5
Symbol: L00116 (int/nanocomp.o) = 1A82
Symbol: L00116 (int/nccurses.o) = 1EF2
Symbol: L00116 (int/tetris.o) = 0C2F
Symbol: L00117 (int/tetris.o) = 0C37
Symbol: L00118 (int/tetris.o) = 0C5D
Symbol: L00120 (int/main.o) = 080B
Symbol: L00120 (int/nanocomp.o) = 1AA7
Symbol: L00120 (int/tetris.o) = 0C9A
Symbol: L00121 (int/main.o) = 0894
Symbol: L00121 (int/nanocomp.o) = 1AC3
Symbol: L00121 (int/tetris.o) = 0C86
Symbol: L00122 (int/tetris.o) = 0C6F
Symbol: L00123 (int/nanocomp.o) = 1ACB
Symbol: L00123 (int/tetris.o) = 0C71
Symbol: L00124 (int/main.o) = 0A6A
Symbol: L00124 (int/tetris.o) = 0C7F
Symbol: L00125 (int/main.o) = 0B82
Symbol: L00125 (int/tetris.o) = 0C81
Symbol: L00126 (int/tetris.o) = 0C93
Symbol: L00127 (int/main.o) = 0B82
Symbol: L00127 (int/nanocomp.o) = 1AD3
Symbol: L00127 (int/tetris.o) = 0C95
Symbol: L00128 (int/main.o) = 0AEA
Symbol: L00128 (int/nanocomp.o) = 1AD3
Symbol: L00128 (int/tetris.o) = 0CA9
Symbol: L00129 (int/main.o) = 0AF1
Symbol: L00129 (int/tetris.o) = 0CAB
Symbol: L00130 (int/main.o) = 0AF9
Symbol: L00130 (int/tetris.o) = 0CDC
Symbol: L00131 (int/main.o) = 0B01
Symbol: L00131 (int/nanocomp.o) = 1AFE
Symbol: L00131 (int/tetris.o) = 0D0C
Symbol: L00132 (int/main.o) = 0B09
Symbol: L00133 (int/main.o) = 0B13
Symbol: L00134 (int/main.o) = 0B76
Symbol: L00134 (int/nanocomp.o) = 1B2A
Symbol: L00135 (int/main.o) = 0B7D
Symbol: L00135 (int/tetris.o) = 0D05
Symbol: L00136 (int/nanocomp.o) = 1B4F
Symbol: L00138 (int/nanocomp.o) = 1BA1
Symbol: L00138 (int/tetris.o) = 0E11
Symbol: L00139 (int/nanocomp.o) = 1B73
Symbol: L00140 (int/nanocomp.o) = 1B86
Symbol: L00140 (int/tetris.o) = 0DD5
Symbol: L00141 (int/tetris.o) = 0DFD
Symbol: L00142 (int/nanocomp.o) = 1B8E
Symbol: L00143 (int/tetris.o) = 0E2F
Symbol: L00144 (int/tetris.o) = 0E3A
Symbol: L00146 (int/tetris.o) = 0E8A
Symbol: L00147 (int/tetris.o) = 0F00
Symbol: L00148 (int/nanocomp.o) = 1C0E
Symbol: L00149 (int/nanocomp.o) = 1BCC
Symbol: L00150 (int/nanocomp.o) = 1BEC
Symbol: L00150 (int/tetris.o) = 0EF6
Symbol: L00151 (int/tetris.o) = 0EF9
Symbol: L00152 (int/nanocomp.o) = 1BF4
Symbol: L00154 (int/tetris.o) = 0F32
Symbol: L00155 (int/tetris.o) = 0F67
Symbol: L00156 (int/nanocomp.o) = 1BFD
Symbol: L00157 (int/nanocomp.o) = 1C03
Symbol: L00158 (int/nanocomp.o) = 1C0E
Symbol: L00158 (int/tetris.o) = 0F38
Symbol: L00159 (int/tetris.o) = 0F57
Symbol: L00163 (int/tetris.o) = 0F50
Symbol: L00165 (int/tetris.o) = 1021
Symbol: L00166 (int/tetris.o) = 0FCB
Symbol: L00167 (int/tetris.o) = 0FDB
Symbol: L00168 (int/tetris.o) = 0FEB
Symbol: L00169 (int/tetris.o) = 0FF6
Symbol: L00170 (int/tetris.o) = 1006
Symbol: L00171 (int/tetris.o) = 1016
Symbol: L00172 (int/tetris.o) = 1021
Symbol: L00173 (int/tetris.o) = 0FBF
Symbol: L00175 (int/tetris.o) = 106D
Symbol: L00176 (int/tetris.o) = 10BD
Symbol: L00177 (int/tetris.o) = 109B
Symbol: L00178 (int/tetris.o) = 10A6
Symbol: L00180 (int/tetris.o) = 1193
Symbol: L00181 (int/tetris.o) = 11B1
Symbol: L00185 (int/tetris.o) = 11AA
Symbol: L00188 (int/tetris.o) = 1207
Symbol: L00190 (int/tetris.o) = 127B
Symbol: L00191 (int/tetris.o) = 12D9
Symbol: L00194 (int/tetris.o) = 12F4
Symbol: L00195 (int/tetris.o) = 134E
Symbol: L00198 (int/tetris.o) = 1377
Symbol: L00199 (int/tetris.o) = 13F7
Symbol: L00200 (int/tetris.o) = 13FA
Symbol: L00210 (int/tetris.o) = 144B
Symbol: L00211 (int/tetris.o) = 14A7
Symbol: L00214 (int/tetris.o) = 1451
Symbol: L00215 (int/tetris.o) = 1495
Symbol: MUL16 (MUL16.void_o) = 00D6
Symbol: MUL168 (MUL168.void_o) = 02AF
Symbol: PADHEX (printf.void_o) = 054E
Symbol: PADSTR_050 (printf.void_o) = 052B
Symbol: PADSTR_100 (printf.void_o) = 052D
Symbol: PADSTR_900 (printf.void_o) = 0537
Symbol: PADSTR_POST (printf.void_o) = 053B
Symbol: PADSTR_PRE (printf.void_o) = 051C
Symbol: PADWRD (printf.void_o) = 04DD
Symbol: PHX020 (printf.void_o) = 055C
Symbol: PHX030 (printf.void_o) = 0564
Symbol: PHX050 (printf.void_o) = 056C
Symbol: PHX060 (printf.void_o) = 0571
Symbol: PHX900 (printf.void_o) = 057B
Symbol: PRINTC (printf.void_o) = 0641
Symbol: PRINTS (printf.void_o) = 064A
Symbol: PRNTWD (printf.void_o) = 05EA
Symbol: PRNTWH (printf.void_o) = 0585
Symbol: PRS010 (printf.void_o) = 0650
Symbol: PRS020 (printf.void_o) = 0653
Symbol: PRWD10 (printf.void_o) = 05EE
Symbol: PRWD20 (printf.void_o) = 05FA
Symbol: PRWD30 (printf.void_o) = 0606
Symbol: PRWD40 (printf.void_o) = 0612
Symbol: PRWD60 (printf.void_o) = 0625
Symbol: PRWD70 (printf.void_o) = 0633
Symbol: PRWD80 (printf.void_o) = 0635
Symbol: PRWD90 (printf.void_o) = 063F
Symbol: PRWH10 (printf.void_o) = 0594
Symbol: PRWH30 (printf.void_o) = 05C4
Symbol: PRWH40 (printf.void_o) = 05CD
Symbol: PRWH99 (printf.void_o) = 05D8
Symbol: PTF010 (printf.void_o) = 02DA
Symbol: PTF020 (printf.void_o) = 02E4
Symbol: PTF490 (printf.void_o) = 02E9
Symbol: PTF500 (printf.void_o) = 02F1
Symbol: PTF510 (printf.void_o) = 02FE
Symbol: PTF515 (printf.void_o) = 030C
Symbol: PTF517 (printf.void_o) = 0324
Symbol: PTF518 (printf.void_o) = 0333
Symbol: PTF520 (printf.void_o) = 033A
Symbol: PTF522 (printf.void_o) = 033E
Symbol: PTF525 (printf.void_o) = 0348
Symbol: PTF530 (printf.void_o) = 0361
Symbol: PTF532 (printf.void_o) = 036E
Symbol: PTF538 (printf.void_o) = 037C
Symbol: PTF540 (printf.void_o) = 0381
Symbol: PTF550 (printf.void_o) = 038F
Symbol: PTF555 (printf.void_o) = 039B
Symbol: PTF559 (printf.void_o) = 0492
Symbol: PTF560 (printf.void_o) = 049D
Symbol: PTF562 (printf.void_o) = 04AF
Symbol: PTF565 (printf.void_o) = 04BF
Symbol: PTF567 (printf.void_o) = 04C1
Symbol: PTF570 (printf.void_o) = 04C9
Symbol: PTF800 (printf.void_o) = 04C9
Symbol: PTF900 (printf.void_o) = 04D9
Symbol: PUTCHR (crt.void_o) = 0068
Symbol: PWD020 (printf.void_o) = 04EB
Symbol: PWD030 (printf.void_o) = 04F3
Symbol: PWD040 (printf.void_o) = 04FB
Symbol: PWD050 (printf.void_o) = 0503
Symbol: PWD060 (printf.void_o) = 0508
Symbol: PWD900 (printf.void_o) = 0512
Symbol: S00100 (int/main.o) = 1EFF
Symbol: S00101 (int/main.o) = 1F08
Symbol: S00102 (int/main.o) = 1F11
Symbol: S00103 (int/main.o) = 1F1A
Symbol: S00104 (int/main.o) = 1F24
Symbol: S00105 (int/main.o) = 1F30
Symbol: SDIV16 (SDIV16.void_o) = 0113
Symbol: SDIV16_10 (SDIV16.void_o) = 0125
Symbol: SDIV16_20 (SDIV16.void_o) = 0134
Symbol: SDIV16_30 (SDIV16.void_o) = 0148
Symbol: SDIV16_40 (SDIV16.void_o) = 0151
Symbol: _ClearScreen (int/nanocomp.o) = 14F7
Symbol: _CopyCharGenROM (int/nanocomp.o) = 14FB
Symbol: _Delay (int/nanocomp.o) = 19E6
Symbol: _GRAVITY_LEVEL (int/tetris.o) = 51C2
Symbol: _GetChr (int/nanocomp.o) = 1A04
Symbol: _GetKey (int/nanocomp.o) = 1A26
Symbol: _HexToAscii (int/nanocomp.o) = 1AEA
Symbol: _PollChr (int/nanocomp.o) = 1B08
Symbol: _PollKey (int/nanocomp.o) = 1B30
Symbol: _PrintChr (int/nanocomp.o) = 1C14
Symbol: _PrintColChr (int/nanocomp.o) = 1C27
Symbol: _TETROMINOS (int/tetris.o) = 5002
Symbol: __Rand_seed (rand.void_o) = 5000
Symbol: _box (int/nccurses.o) = 1C66
Symbol: _colourPair (int/main.o) = 5238
Symbol: _display_board (int/main.o) = 0705
Symbol: _display_piece (int/main.o) = 07DC
Symbol: _display_score (int/main.o) = 08A2
Symbol: _dwtoa (dwtoa.void_o) = 01F6
Symbol: _exit (crt.void_o) = 005D
Symbol: _init_colors (int/main.o) = 091E
Symbol: _init_pair (int/nccurses.o) = 1DBB
Symbol: _keyCharLookup (int/nanocomp.o) = 51F4
Symbol: _main (int/main.o) = 09A9
Symbol: _memcpy (memcpy.void_o) = 0274
Symbol: _memcpy_050 (memcpy.void_o) = 0282
Symbol: _memcpy_100 (memcpy.void_o) = 0286
Symbol: _memset (memset.void_o) = 0291
Symbol: _memset_cond (memset.void_o) = 02A5
Symbol: _memset_loop (memset.void_o) = 02A3
Symbol: _ncMove (int/nanocomp.o) = 1C3A
Symbol: _newOutputRoutine (int/nanocomp.o) = 1C58
Symbol: _newwin (int/nccurses.o) = 1DD6
Symbol: _printf (printf.void_o) = 02C0
Symbol: _putchar (putchar_a.void_o) = 067E
Symbol: _rand (rand.void_o) = 06CA
Symbol: _random_tetromino (int/tetris.o) = 0BD8
Symbol: _returnNC (int/nanocomp.o) = 1C64
Symbol: _sbrk (sbrk.void_o) = 0684
Symbol: _sbrkmax (sbrkmax.void_o) = 06A1
Symbol: _setConsoleOutHook (setConsoleOutHook.void_o) = 06AE
Symbol: _srand (rand.void_o) = 06F9
Symbol: _strlen (strlen.void_o) = 06B9
Symbol: _strlen_010 (strlen.void_o) = 06BD
Symbol: _tg_adjust_score (int/tetris.o) = 0BE4
Symbol: _tg_check (int/tetris.o) = 0C61
Symbol: _tg_check_lines (int/tetris.o) = 0CB4
Symbol: _tg_create (int/tetris.o) = 0D2D
Symbol: _tg_delete (int/tetris.o) = 0D56
Symbol: _tg_destroy (int/tetris.o) = 0D67
Symbol: _tg_do_gravity_tick (int/tetris.o) = 0D6F
Symbol: _tg_down (int/tetris.o) = 0E15
Symbol: _tg_fits (int/tetris.o) = 0E7D
Symbol: _tg_game_over (int/tetris.o) = 0F10
Symbol: _tg_get (int/tetris.o) = 0F89
Symbol: _tg_handle_move (int/tetris.o) = 0FAC
Symbol: _tg_hold (int/tetris.o) = 1025
Symbol: _tg_init (int/tetris.o) = 10D5
Symbol: _tg_line_full (int/tetris.o) = 1187
Symbol: _tg_move (int/tetris.o) = 11C0
Symbol: _tg_new_falling (int/tetris.o) = 121F
Symbol: _tg_put (int/tetris.o) = 126E
Symbol: _tg_remove (int/tetris.o) = 12E7
Symbol: _tg_rotate (int/tetris.o) = 135C
Symbol: _tg_set (int/tetris.o) = 1412
Symbol: _tg_shift_lines (int/tetris.o) = 143B
Symbol: _tg_tick (int/tetris.o) = 14B4
Symbol: _vprintf (printf.void_o) = 02CC
Symbol: _wclear (int/nccurses.o) = 1E0F
Symbol: _wmove (int/nccurses.o) = 1E72
Symbol: _wprintw (int/nccurses.o) = 1E9B
Symbol: bss_end (int/main.o) = 5240
Symbol: bss_end (int/nanocomp.o) = 5240
Symbol: bss_end (int/nccurses.o) = 5240
Symbol: bss_end (int/tetris.o) = 5240
Symbol: bss_end (rand.void_o) = 5238
Symbol: bss_start (int/main.o) = 5238
Symbol: bss_start (int/nanocomp.o) = 5240
Symbol: bss_start (int/nccurses.o) = 5240
Symbol: bss_start (int/tetris.o) = 5240
Symbol: bss_start (rand.void_o) = 5238
Symbol: constructors (crt.void_o) = 1EFC
Symbol: copyDWord (copyDWord.void_o) = 0069
Symbol: copyMem (copyMem.void_o) = 0077
Symbol: destructors (crt.void_o) = 1EFD
Symbol: doDigit (dwtoa.void_o) = 01B6
Symbol: doDigit_010 (dwtoa.void_o) = 01BE
Symbol: doDigit_020 (dwtoa.void_o) = 01E6
Symbol: doDigit_030 (dwtoa.void_o) = 01EA
Symbol: dwtoa_010 (dwtoa.void_o) = 020C
Symbol: dwtoa_020 (dwtoa.void_o) = 022C
Symbol: dwtoa_030 (dwtoa.void_o) = 023C
Symbol: dwtoa_040 (dwtoa.void_o) = 024A
Symbol: end_of_sbrk_mem (crt.void_o) = 5230
Symbol: funcend_ClearScreen (int/nanocomp.o) = 14FB
Symbol: funcend_CopyCharGenROM (int/nanocomp.o) = 19E6
Symbol: funcend_Delay (int/nanocomp.o) = 1A04
Symbol: funcend_GetChr (int/nanocomp.o) = 1A26
Symbol: funcend_GetKey (int/nanocomp.o) = 1AEA
Symbol: funcend_HexToAscii (int/nanocomp.o) = 1B08
Symbol: funcend_PollChr (int/nanocomp.o) = 1B30
Symbol: funcend_PollKey (int/nanocomp.o) = 1C14
Symbol: funcend_PrintChr (int/nanocomp.o) = 1C27
Symbol: funcend_PrintColChr (int/nanocomp.o) = 1C3A
Symbol: funcend_box (int/nccurses.o) = 1DBB
Symbol: funcend_display_board (int/main.o) = 07DC
Symbol: funcend_display_piece (int/main.o) = 08A2
Symbol: funcend_display_score (int/main.o) = 091E
Symbol: funcend_init_colors (int/main.o) = 09A9
Symbol: funcend_init_pair (int/nccurses.o) = 1DD6
Symbol: funcend_main (int/main.o) = 0BD8
Symbol: funcend_ncMove (int/nanocomp.o) = 1C58
Symbol: funcend_newOutputRoutine (int/nanocomp.o) = 1C64
Symbol: funcend_newwin (int/nccurses.o) = 1E0F
Symbol: funcend_rand (rand.void_o) = 06F9
Symbol: funcend_random_tetromino (int/tetris.o) = 0BE4
Symbol: funcend_returnNC (int/nanocomp.o) = 1C66
Symbol: funcend_srand (rand.void_o) = 0705
Symbol: funcend_tg_adjust_score (int/tetris.o) = 0C61
Symbol: funcend_tg_check (int/tetris.o) = 0CB4
Symbol: funcend_tg_check_lines (int/tetris.o) = 0D2D
Symbol: funcend_tg_create (int/tetris.o) = 0D56
Symbol: funcend_tg_delete (int/tetris.o) = 0D67
Symbol: funcend_tg_destroy (int/tetris.o) = 0D6F
Symbol: funcend_tg_do_gravity_tick (int/tetris.o) = 0E15
Symbol: funcend_tg_down (int/tetris.o) = 0E7D
Symbol: funcend_tg_fits (int/tetris.o) = 0F10
Symbol: funcend_tg_game_over (int/tetris.o) = 0F89
Symbol: funcend_tg_get (int/tetris.o) = 0FAC
Symbol: funcend_tg_handle_move (int/tetris.o) = 1025
Symbol: funcend_tg_hold (int/tetris.o) = 10D5
Symbol: funcend_tg_init (int/tetris.o) = 1187
Symbol: funcend_tg_line_full (int/tetris.o) = 11C0
Symbol: funcend_tg_move (int/tetris.o) = 121F
Symbol: funcend_tg_new_falling (int/tetris.o) = 126E
Symbol: funcend_tg_put (int/tetris.o) = 12E7
Symbol: funcend_tg_remove (int/tetris.o) = 135C
Symbol: funcend_tg_rotate (int/tetris.o) = 1412
Symbol: funcend_tg_set (int/tetris.o) = 143B
Symbol: funcend_tg_shift_lines (int/tetris.o) = 14B4
Symbol: funcend_tg_tick (int/tetris.o) = 14F7
Symbol: funcend_wclear (int/nccurses.o) = 1E72
Symbol: funcend_wmove (int/nccurses.o) = 1E9B
Symbol: funcend_wprintw (int/nccurses.o) = 1EFC
Symbol: funcsize_ClearScreen (int/nanocomp.o) = 14FB
Symbol: funcsize_CopyCharGenROM (int/nanocomp.o) = 19E2
Symbol: funcsize_Delay (int/nanocomp.o) = 1515
Symbol: funcsize_GetChr (int/nanocomp.o) = 1519
Symbol: funcsize_GetKey (int/nanocomp.o) = 15BB
Symbol: funcsize_HexToAscii (int/nanocomp.o) = 1515
Symbol: funcsize_PollChr (int/nanocomp.o) = 151F
Symbol: funcsize_PollKey (int/nanocomp.o) = 15DB
Symbol: funcsize_PrintChr (int/nanocomp.o) = 150A
Symbol: funcsize_PrintColChr (int/nanocomp.o) = 150A
Symbol: funcsize_box (int/nccurses.o) = 1DBB
Symbol: funcsize_display_board (int/main.o) = 07DC
Symbol: funcsize_display_piece (int/main.o) = 07CB
Symbol: funcsize_display_score (int/main.o) = 0781
Symbol: funcsize_init_colors (int/main.o) = 0790
Symbol: funcsize_init_pair (int/nccurses.o) = 1C81
Symbol: funcsize_main (int/main.o) = 0934
Symbol: funcsize_ncMove (int/nanocomp.o) = 1515
Symbol: funcsize_newOutputRoutine (int/nanocomp.o) = 1503
Symbol: funcsize_newwin (int/nccurses.o) = 1C9F
Symbol: funcsize_rand (rand.void_o) = 06F9
Symbol: funcsize_random_tetromino (int/tetris.o) = 0BE4
Symbol: funcsize_returnNC (int/nanocomp.o) = 14F9
Symbol: funcsize_srand (rand.void_o) = 06D6
Symbol: funcsize_tg_adjust_score (int/tetris.o) = 0C55
Symbol: funcsize_tg_check (int/tetris.o) = 0C2B
Symbol: funcsize_tg_check_lines (int/tetris.o) = 0C51
Symbol: funcsize_tg_create (int/tetris.o) = 0C01
Symbol: funcsize_tg_delete (int/tetris.o) = 0BE9
Symbol: funcsize_tg_destroy (int/tetris.o) = 0BE0
Symbol: funcsize_tg_do_gravity_tick (int/tetris.o) = 0C7E
Symbol: funcsize_tg_down (int/tetris.o) = 0C40
Symbol: funcsize_tg_fits (int/tetris.o) = 0C6B
Symbol: funcsize_tg_game_over (int/tetris.o) = 0C51
Symbol: funcsize_tg_get (int/tetris.o) = 0BFB
Symbol: funcsize_tg_handle_move (int/tetris.o) = 0C51
Symbol: funcsize_tg_hold (int/tetris.o) = 0C88
Symbol: funcsize_tg_init (int/tetris.o) = 0C8A
Symbol: funcsize_tg_line_full (int/tetris.o) = 0C11
Symbol: funcsize_tg_move (int/tetris.o) = 0C37
Symbol: funcsize_tg_new_falling (int/tetris.o) = 0C27
Symbol: funcsize_tg_put (int/tetris.o) = 0C51
Symbol: funcsize_tg_remove (int/tetris.o) = 0C4D
Symbol: funcsize_tg_rotate (int/tetris.o) = 0C8E
Symbol: funcsize_tg_set (int/tetris.o) = 0C01
Symbol: funcsize_tg_shift_lines (int/tetris.o) = 0C51
Symbol: funcsize_tg_tick (int/tetris.o) = 0C1B
Symbol: funcsize_wclear (int/nccurses.o) = 1CC9
Symbol: funcsize_wmove (int/nccurses.o) = 1C8F
Symbol: funcsize_wprintw (int/nccurses.o) = 1CC7
Symbol: l_bss (<synthetic>) = 0016
Symbol: l_code (<synthetic>) = 1EEE
Symbol: l_constructors_end (<synthetic>) = 0001
Symbol: l_constructors_start (<synthetic>) = 0000
Symbol: l_destructors_end (<synthetic>) = 0001
Symbol: l_destructors_start (<synthetic>) = 0000
Symbol: l_initgl (<synthetic>) = 0000
Symbol: l_initgl_end (<synthetic>) = 0001
Symbol: l_initgl_start (<synthetic>) = 0000
Symbol: l_program_end (<synthetic>) = 0000
Symbol: l_rodata (<synthetic>) = 005B
Symbol: l_rwdata (<synthetic>) = 022A
Symbol: l_start (<synthetic>) = 000E
Symbol: memcpy (memcpy.void_o) = 0274
Symbol: negateDWord (negateDWord.void_o) = 00EE
Symbol: nop_handler (crt.void_o) = 0067
Symbol: null_ptr_handler (crt.void_o) = 522C
Symbol: powersOfTen (dwtoa.void_o) = 0250
Symbol: printReal (printf.void_o) = 0659
Symbol: program_break (crt.void_o) = 5232
Symbol: program_end (int/main.o) = 5240
Symbol: program_start (int/main.o) = 0000
Symbol: pushSmallStruct (pushSmallStruct.void_o) = 0106
Symbol: putchar_a (putchar_a.void_o) = 0680
Symbol: s_bss (<synthetic>) = 522A
Symbol: s_code (<synthetic>) = 000E
Symbol: s_constructors_end (<synthetic>) = 1EFC
Symbol: s_constructors_start (<synthetic>) = 1EFC
Symbol: s_destructors_end (<synthetic>) = 1EFD
Symbol: s_destructors_start (<synthetic>) = 1EFD
Symbol: s_initgl (<synthetic>) = 1EFE
Symbol: s_initgl_end (<synthetic>) = 1EFE
Symbol: s_initgl_start (<synthetic>) = 1EFE
Symbol: s_program_end (<synthetic>) = 5240
Symbol: s_rodata (<synthetic>) = 1EFF
Symbol: s_rwdata (<synthetic>) = 5000
Symbol: s_start (<synthetic>) = 0000
Symbol: sbrk_success (sbrk.void_o) = 0690
Symbol: sbrkmax_non_neg (sbrkmax.void_o) = 06AD
Symbol: signedJumpTableSwitch (jumpTableSwitch.void_o) = 00B8
Symbol: stack_overflow_handler (crt.void_o) = 522E
Symbol: string_literals_end (int/main.o) = 1F5A
Symbol: string_literals_end (int/nanocomp.o) = 1F5A
Symbol: string_literals_end (int/nccurses.o) = 1F5A
Symbol: string_literals_end (int/tetris.o) = 1F5A
Symbol: string_literals_end (rand.void_o) = 1EFF
Symbol: string_literals_start (int/main.o) = 1EFF
Symbol: string_literals_start (int/nanocomp.o) = 1F5A
Symbol: string_literals_start (int/nccurses.o) = 1F5A
Symbol: string_literals_start (int/tetris.o) = 1F5A
Symbol: string_literals_start (rand.void_o) = 1EFF
Symbol: sub32 (sub32.void_o) = 0154
Symbol: sub32xu (sub32xu.void_o) = 0175
Symbol: tfrZtoB (tfrZtoB.void_o) = 0187
Symbol: unpackSingleAndConvertToASCII_dummy (crt.void_o) = 0056
Symbol: unpackSingleAndConvertToASCII_hook (crt.void_o) = 5236
Symbol: unsignedJumpTableSwitch (jumpTableSwitch.void_o) = 00C3
